// Jest Snapshot v1, https://goo.gl/fbAQLP

exports[`sql-arbitrary-category-system-fetch-utils Has Correct API 1`] = `
Array [
  "addCategorySet",
  "getCategorySet",
  "listCategorySets",
  "deleteCategorySet",
  "addCategory",
  "getCategory",
  "getCategoryChildren",
  "getTopLevelCategories",
  "getCategoryDescendants",
  "deleteCategory",
]
`;
