// Jest Snapshot v1, https://goo.gl/fbAQLP

exports[`sql-tag-system-fetch-utils Has Correct API 1`] = `
Array [
  "addTag",
  "getTag",
  "listTags",
  "deleteTag",
]
`;
